// Jest Snapshot v1, https://goo.gl/fbAQLP

exports[`Parse valid HeroBanner element 1`] = `
<div>
  <div
    className="heroBlock"
  />
</div>
`;
